Testing Gemini API...
API Key: AIzaSyDOJz...
Model: gemini-pro

Listing available models...

Testing content generation...

Trying alternative models...
node.exe : 
At C:\Program 
Files\nodejs\npx.ps1:29 
char:3
+   & $NODE_EXE $NPX_CLI_JS 
$args
+   ~~~~~~~~~~~~~~~~~~~~~~~~
~~~~~
    + CategoryInfo          
    : NotSpecified: (:Stri  
  ng) [], RemoteException
    + FullyQualifiedErrorId 
    : NativeCommandError
 
Γ¥î Error: 
[GoogleGenerativeAI Error]: 
Error fetching from https://
generativelanguage.googleapi
s.com/v1beta/models/gemini-p
ro:generateContent: [404 
Not Found] 
models/gemini-pro is not 
found for API version 
v1beta, or is not supported 
for generateContent. Call 
ListModels to see the list 
of available models and 
their supported methods.
Γ¥î Model "gemini-1.5-flash-latest" failed: [GoogleGenerativeAI Error]: Error fetching from https://generativelanguage.googl
Γ¥î Model "gemini-1.0-pro" failed: [GoogleGenerativeAI Error]: Error fetching from https://generativelanguage.googl
Γ¥î Model "models/gemini-pro" failed: [GoogleGenerativeAI Error]: Error fetching from https://generativelanguage.googl
